
> team6-frontend@1.0.0 test:e2e
> playwright test

Error: Process from config.webServer exited early.


To open last HTML report run:
[36m[39m
[36m  npx playwright show-report[39m
[36m[39m
